###################
# Trevor Bramwell #
# CS312 - HW2     #
###################

1) lvcreate -i 2 -L 100G vg_cs312

2) lvextend -i 2 -L +200G vg_cs312/lvol01

3)

install
cdrom
lang en_US.UTF-8
keyboard us
network --bootproto=dhcp
rootpw cs312
firewall --disabled
selinux --permissive
timezone America/Los_Angeles
unsupported_hardware
bootloader --location=mbr
cmdline
skipx
zerombr
clearpart --all --initlabel
part /boot --fstype="ext4" --size=512
part pv.01 --grow --size=100
volgroup vg_cs312 pv.01
logvol swap --vgname=vg_cs312 --name=swap --fstype="swap" --size=1024
logvol / --vgname=vg_cs312 --name=root --fstype="ext4" --size=5120 --grow
auth --enableshadow --passalgo=sha512 --kickstart
user --name=cs312 --plaintext --password cs312
firstboot --disabled
shutdown
url --url=http://centos.osuosl.org/6/os/x86_64/
repo --name=epel --baseurl=http://epel.osuosl.org/6/x86_64/
%packages
sudo
bash-completion
httpd
%end
services --enabled httpd

4) /var/log/secure OR /var/log/auth.log

5) tcp+ssl

6) 12 */6 * * sat,sun,wed date

7) A total of 4 devices are needed.

   dd if=/dev/zero of=disk_00 bs=100M count=1
   dd if=/dev/zero of=disk_01 bs=100M count=1
   dd if=/dev/zero of=disk_02 bs=100M count=1
   dd if=/dev/zero of=disk_03 bs=100M count=1

8)

[root@bramwelt ~]# mdadm --create /dev/md0 --level=6 \
--raid-devices=4 /dev/loop0 /dev/loop1 /dev/loop2 /dev/loop3
mdadm: Defaulting to version 1.2 metadata
mdadm: array /dev/md0 started.


[root@bramwelt ~]# cat /proc/mdstat
Personalities : [raid6] [raid5] [raid4]
md0 : active raid6 loop3[3] loop2[2] loop1[1] loop0[0]
      202752 blocks super 1.2 level 6, 512k chunk, algorithm 2 [4/4] [UUUU]

unused devices: <none>


[root@bramwelt ~]# mdadm -D /dev/md0
/dev/md0:
        Version : 1.2
  Creation Time : Wed Feb  4 01:10:42 2015
     Raid Level : raid6
     Array Size : 202752 (198.03 MiB 207.62 MB)
  Used Dev Size : 101376 (99.02 MiB 103.81 MB)
   Raid Devices : 4
  Total Devices : 4
    Persistence : Superblock is persistent

    Update Time : Wed Feb  4 01:10:44 2015
          State : clean 
 Active Devices : 4
Working Devices : 4
 Failed Devices : 0
  Spare Devices : 0

         Layout : left-symmetric
     Chunk Size : 512K

           Name : bramwelt:0  (local to host bramwelt)
           UUID : 291cca8f:71b3819e:1483d266:19a8ffbc
         Events : 17

    Number   Major   Minor   RaidDevice State
       0       7        0        0      active sync   /dev/loop0
       1       7        1        1      active sync   /dev/loop1
       2       7        2        2      active sync   /dev/loop2
       3       7        3        3      active sync   /dev/loop3

[root@bramwelt ~]# mdadm /dev/md0 -f /dev/loop2
mdadm: set /dev/loop2 faulty in /dev/md0

[root@bramwelt ~]# mdadm /dev/md0 -r /dev/loop2
mdadm: hot removed /dev/loop2 from /dev/md0

[root@bramwelt ~]# cat /proc/mdstat
Personalities : [raid6] [raid5] [raid4] 
md0 : active raid6 loop3[3] loop1[1] loop0[0]
      202752 blocks super 1.2 level 6, 512k chunk, algorithm 2 [4/3] [UU_U]
      
unused devices: <none>

[root@bramwelt ~]# mdadm -D /dev/md0
/dev/md0:
        Version : 1.2
  Creation Time : Wed Feb  4 01:10:42 2015
     Raid Level : raid6
     Array Size : 202752 (198.03 MiB 207.62 MB)
  Used Dev Size : 101376 (99.02 MiB 103.81 MB)
   Raid Devices : 4
  Total Devices : 3
    Persistence : Superblock is persistent

    Update Time : Wed Feb  4 01:13:09 2015
          State : clean, degraded 
 Active Devices : 3
Working Devices : 3
 Failed Devices : 0
  Spare Devices : 0

         Layout : left-symmetric
     Chunk Size : 512K

           Name : bramwelt:0  (local to host bramwelt)
           UUID : 291cca8f:71b3819e:1483d266:19a8ffbc
         Events : 20

    Number   Major   Minor   RaidDevice State
       0       7        0        0      active sync   /dev/loop0
       1       7        1        1      active sync   /dev/loop1
       4       0        0        4      removed
       3       7        3        3      active sync   /dev/loop3

10) Process for Installing and Setting up Jenkins on an OpenStack instance.

Install

    1. Create Openstack Instance on studentcloud.osuosl.org
    2. ssh to newly created instance using pre-associated key.
       ssh centos@140.211.168.XXX -i ~/.ssh/id_rsa-studentcloud
    3. Switch to root user
       su -
    4. Download and install the jenkins repo.
       wget -O /etc/yum.repos.d/jenkins.repo http://pkg.jenkins-ci.org/redhat/jenkins.repo
    5. Add the repo's GPG key to yum.
       rpm --import http://pkg.jenkins-ci.org/redhat/jenkins-ci.org.key
    6. Install jenkins and a java runtime
       yum install -y jenkins java-1.6.0-openjdk
    7. Start the Jenkins service
       service jenkins start
    8. Ensure jenkins is started on reboot
       chkconfig --add jenkins
    9. Validate Jenkins is running by viewing it in a web browser from an
       external host.
       firefox http://140.211.168.XXX:8080/
   10. Reboot the server and ensure jenkins comes back up by repeating step 9.
       shutdown -r now

Setup

    1. Open the Jenkins Security Configuration page in a web browser.
       firefox http://140.211.168.XXX:8080/configureSecurity/
    2. Check the 'Enable security' box. - This will expand a list of hidden
       options.
    3. Select the 'Jenkins' own user database' radio button under
       'Security Realm'
    4. Make sure the 'Allow users to sign up' checkbox is checked.
    5. Select the 'Logged-in users can do anything' radio button under
       'Authorization'
    6. Click 'Save' at the bottom. - This should redirect you to the login page.
    7. Click 'Create an account'
    8. Fill out the Sign up form with a valid username, password, confirm
       password, and E-mail address.
    9. Click 'Sign up'
   10. Click 'the top page'.
   11. Logout and log back in to verify your account works.


11)

Started by GitHub push by bramwelt
Building in workspace /var/lib/jenkins/workspace/cs312-build
 > git rev-parse --is-inside-work-tree # timeout=10
Fetching changes from the remote Git repository
 > git config remote.origin.url https://github.com/bramwelt/cs312 # timeout=10
Fetching upstream changes from https://github.com/bramwelt/cs312
 > git --version # timeout=10
 > git fetch --tags --progress https://github.com/bramwelt/cs312 +refs/heads/*:refs/remotes/origin/*
Seen branch in repository origin/jordane/add-intro-readings
Seen branch in repository origin/jordane/add-slide-links
Seen branch in repository origin/jordane/friday-1-9-slides
Seen branch in repository origin/jordane/hw1-solutions
Seen branch in repository origin/jordane/intro_slides
Seen branch in repository origin/jordane/minor-fixes
Seen branch in repository origin/jordane/slides-1-14
Seen branch in repository origin/master
Seen 8 remote branches
Checking out Revision d4c8da860a9574863e691e432d684fdb82c73b3b (origin/master)
 > git config core.sparsecheckout # timeout=10
 > git checkout -f d4c8da860a9574863e691e432d684fdb82c73b3b
 > git rev-list 6e26df0f9e6c707d934d2271542849a991771e00 # timeout=10
[cs312-build] $ /bin/sh -xe /tmp/hudson1179284676237056957.sh
+ bash -ex scripts/build.sh
+ git checkout master
Previous HEAD position was d4c8da8... HW2 - Part 11: Test Webhook
Switched to branch 'master'
Your branch and 'origin/master' have diverged,
and have 1 and 1 different commit(s) each, respectively.
+ git pull -q
Already uptodate!
+ '[' '!' -d venv ']'
+ source venv/bin/activate
++ deactivate nondestructive
++ unset pydoc
++ '[' -n '' ']'
++ '[' -n '' ']'
++ '[' -n /bin/bash -o -n '' ']'
++ hash -r
++ '[' -n '' ']'
++ unset VIRTUAL_ENV
++ '[' '!' nondestructive = nondestructive ']'
++ VIRTUAL_ENV=/var/lib/jenkins/workspace/cs312-build/venv
++ export VIRTUAL_ENV
++ _OLD_VIRTUAL_PATH=/sbin:/usr/sbin:/bin:/usr/bin
++ PATH=/var/lib/jenkins/workspace/cs312-build/venv/bin:/sbin:/usr/sbin:/bin:/usr/bin
++ export PATH
++ '[' -n '' ']'
++ '[' -z '' ']'
++ _OLD_VIRTUAL_PS1=
++ '[' x '!=' x ']'
+++ basename /var/lib/jenkins/workspace/cs312-build/venv
++ '[' venv = __ ']'
+++ basename /var/lib/jenkins/workspace/cs312-build/venv
++ PS1='(venv)'
++ export PS1
++ alias 'pydoc=python -m pydoc'
++ '[' -n /bin/bash -o -n '' ']'
++ hash -r
+ pip install -r requirements.txt
Requirement already satisfied (use --upgrade to upgrade): Jinja2==2.7.3 in ./venv/lib/python2.6/site-packages (from -r requirements.txt (line 1))
Requirement already satisfied (use --upgrade to upgrade): MarkupSafe==0.23 in ./venv/lib/python2.6/site-packages (from -r requirements.txt (line 2))
Requirement already satisfied (use --upgrade to upgrade): Pillow==2.7.0 in ./venv/lib/python2.6/site-packages (from -r requirements.txt (line 3))
Requirement already satisfied (use --upgrade to upgrade): Pygments==2.0.1 in ./venv/lib/python2.6/site-packages (from -r requirements.txt (line 4))
Requirement already satisfied (use --upgrade to upgrade): Sphinx==1.2.3 in ./venv/lib/python2.6/site-packages (from -r requirements.txt (line 5))
Requirement already satisfied (use --upgrade to upgrade): argparse==1.2.1 in ./venv/lib/python2.6/site-packages (from -r requirements.txt (line 6))
Requirement already satisfied (use --upgrade to upgrade): docutils==0.12 in ./venv/lib/python2.6/site-packages (from -r requirements.txt (line 7))
Requirement already satisfied (use --upgrade to upgrade): hieroglyph==0.6.5 in ./venv/lib/python2.6/site-packages (from -r requirements.txt (line 8))
Requirement already satisfied (use --upgrade to upgrade): pyparsing==2.0.3 in ./venv/lib/python2.6/site-packages (from -r requirements.txt (line 9))
Requirement already satisfied (use --upgrade to upgrade): six==1.8.0 in ./venv/lib/python2.6/site-packages (from -r requirements.txt (line 10))
Requirement already satisfied (use --upgrade to upgrade): sphinx-rtd-theme==0.1.6 in ./venv/lib/python2.6/site-packages (from -r requirements.txt (line 11))
Requirement already satisfied (use --upgrade to upgrade): wsgiref==0.1.2 in ./venv/lib/python2.6/site-packages (from -r requirements.txt (line 12))
Cleaning up...
+ '[' -e build/html/objects.inv -a -e build/html/slides/objects.inv ']'
+ SPHINXOPTS=-W
+ make -e slides
sphinx-build -b slides -d build/slide-doctrees  -W -c source source/slides build/html/slides
Running Sphinx v1.2.3
loading pickled environment... done
loading intersphinx inventory from http://cs312.osuosl.org/slides/objects.inv...
loading intersphinx inventory from http://cs312.osuosl.org/objects.inv...
building [slides]: targets for 0 source files that are out of date
updating environment: 0 added, 0 changed, 0 removed
looking for now-outdated files... none found
no targets are out of date.
Build finished. The HTML slides are in build/html/slides.
+ '[' -x /usr/bin/varnishadm ']'
+ SPHINXOPTS=-W
+ make -e html
sphinx-build -b html -d build/doctrees  -W source build/html
Running Sphinx v1.2.3
loading pickled environment... done
loading intersphinx inventory from http://cs312.osuosl.org/slides/objects.inv...
loading intersphinx inventory from http://cs312.osuosl.org/objects.inv...
building [html]: targets for 0 source files that are out of date
updating environment: 0 added, 0 changed, 0 removed
looking for now-outdated files... none found
no targets are out of date.

Build finished. The HTML pages are in build/html.
+ deactivate
+ unset pydoc
+ '[' -n /sbin:/usr/sbin:/bin:/usr/bin ']'
+ PATH=/sbin:/usr/sbin:/bin:/usr/bin
+ export PATH
+ unset _OLD_VIRTUAL_PATH
+ '[' -n '' ']'
+ '[' -n /bin/bash -o -n '' ']'
+ hash -r
+ '[' -n '' ']'
+ unset VIRTUAL_ENV
+ '[' '!' '' = nondestructive ']'
+ unset -f deactivate
Finished: SUCCESS
